// Jest Snapshot v1, https://goo.gl/fbAQLP

exports[`<PopoverContainer /> should match snapshot 1`] = `
<PopoverComponent
  closePopover={[Function]}
  handleVisiblePopover={
    [MockFunction] {
      "calls": Array [
        Array [
          false,
        ],
      ],
      "results": Array [
        Object {
          "type": "return",
          "value": undefined,
        },
      ],
    }
  }
  movieId={999}
  popoverVisible={false}
  store={
    Object {
      "clearActions": [Function],
      "dispatch": [MockFunction],
      "getActions": [Function],
      "getState": [Function],
      "replaceReducer": [Function],
      "subscribe": [Function],
    }
  }
/>
`;
