// Jest Snapshot v1, https://goo.gl/fbAQLP

exports[`<PrivateRouteComponent /> Render snapshot - isLogged false and check redirect path 1`] = `
<Route
  path="/dashboard"
  render={[Function]}
/>
`;

exports[`<PrivateRouteComponent /> Render snapshot - isLogged false and check redirect path 2`] = `
<Redirect
  push={false}
  to={
    Object {
      "pathname": "/",
      "state": Object {
        "from": "/dashboard",
      },
    }
  }
/>
`;

exports[`<PrivateRouteComponent /> Render snapshot - isLogged true and check redirect path 1`] = `
<Route
  path="/dashboard"
  render={[Function]}
/>
`;

exports[`<PrivateRouteComponent /> Render snapshot - isLogged true and check redirect path 2`] = `<component />`;
