// Jest Snapshot v1, https://goo.gl/fbAQLP

exports[`<MyListsTitleContainer /> should match snapshot 1`] = `
<MyListsTitleComponent
  deleteListRequest={[Function]}
  history={
    Object {
      "action": "PUSH",
      "block": [Function],
      "createHref": [Function],
      "go": [Function],
      "goBack": [Function],
      "goForward": [Function],
      "length": 2,
      "listen": [Function],
      "location": Object {
        "hash": "",
        "key": "xu01uf",
        "pathname": "/myLists",
        "search": "",
        "state": undefined,
      },
      "push": [Function],
      "replace": [Function],
    }
  }
  location={
    Object {
      "hash": "",
      "pathname": "/",
      "search": "",
      "state": undefined,
    }
  }
  match={
    Object {
      "isExact": true,
      "params": Object {},
      "path": "/",
      "url": "/",
    }
  }
  modalParams={
    Object {
      "onConfirm": [Function],
      "title": "Do you want to delete list?",
    }
  }
  myList={
    Object {
      "id": 1,
    }
  }
  store={
    Object {
      "clearActions": [Function],
      "dispatch": [MockFunction] {
        "calls": Array [
          Array [
            Object {
              "payload": Object {
                "listId": 1,
              },
              "type": "DELETE_LIST_REQUEST",
            },
          ],
        ],
        "results": Array [
          Object {
            "type": "return",
            "value": undefined,
          },
        ],
      },
      "getActions": [Function],
      "getState": [Function],
      "replaceReducer": [Function],
      "subscribe": [Function],
    }
  }
/>
`;
