// Jest Snapshot v1, https://goo.gl/fbAQLP

exports[`<HeaderComponent /> component Render property 1`] = `
<Adapter>
  <Row
    gutter={0}
    justify="space-between"
    type="flex"
  >
    <Col>
      <Text
        className="logo"
      >
        THE MOVIE DB
      </Text>
    </Col>
    <Col>
      <Avatar
        icon="user"
        shape="circle"
        size="default"
      />
      <Dropdown
        mouseEnterDelay={0.15}
        mouseLeaveDelay={0.1}
        overlay={
          <Menu>
            <MenuItem>
              <Link
                replace={false}
                to="/stubs/dashboard"
              >
                Dashboard
              </Link>
            </MenuItem>
            <Divider
              className=""
              disabled={true}
              style={Object {}}
            />
            <MenuItem>
              <Link
                replace={false}
                to="/stubs/lists"
              >
                My Lists
              </Link>
            </MenuItem>
            <MenuItem>
              <Link
                replace={false}
                to="/stubs/watchlist"
              >
                Watchlist
              </Link>
            </MenuItem>
            <MenuItem>
              <Link
                replace={false}
                to="/stubs/favorites"
              >
                Favorites
              </Link>
            </MenuItem>
            <Divider
              className=""
              disabled={true}
              style={Object {}}
            />
            <MenuItem
              onClick={[MockFunction]}
            >
              Logout
            </MenuItem>
          </Menu>
        }
        placement="bottomLeft"
      >
        <Text>
          <Icon
            type="caret-down"
          />
        </Text>
      </Dropdown>
    </Col>
  </Row>
</Adapter>
`;
