// Jest Snapshot v1, https://goo.gl/fbAQLP

exports[`<MovieItemComponent /> container render property 1`] = `
<Card
  className="top-margin"
  cover={
    <Link
      replace={false}
      to="movie/some id"
    >
      <img
        alt="some title"
        className="movie__img"
        src="https://image.tmdb.org/t/p/original/undefined"
      />
    </Link>
  }
  hoverable={true}
>
  <Link
    replace={false}
    to="movie/some id"
  >
    <Meta
      className="text-size"
      description="some overview"
      title="some title"
    />
  </Link>
</Card>
`;
