// Jest Snapshot v1, https://goo.gl/fbAQLP

exports[`<DeleteItemModalContainer /> Render snapshot - DeleteItemModalContainer 1`] = `
<DeleteItemModalComponent
  onConfirm={[Function]}
  params={
    Object {
      "movieId": 9999,
    }
  }
  showModal={[Function]}
  store={
    Object {
      "clearActions": [Function],
      "dispatch": [Function],
      "getActions": [Function],
      "getState": [Function],
      "replaceReducer": [Function],
      "subscribe": [Function],
    }
  }
  title="some title"
/>
`;
