// Jest Snapshot v1, https://goo.gl/fbAQLP

exports[`<WatchlistComponent /> should match snapshot 1`] = `
<Fragment>
  <Row
    gutter={0}
  >
    <Col
      offset={2}
      span={20}
    >
      <div
        className="top-margin"
      >
        <Title>
          Watchlist
        </Title>
      </div>
    </Col>
  </Row>
  <MovieListComponent
    modalParams={
      Object {
        "watchlist": false,
      }
    }
    movies={
      Array [
        1,
        2,
        3,
      ]
    }
  />
  <PaginationComponent
    currentPage={1}
    page={[Function]}
    totalPages={100}
  />
</Fragment>
`;
