// Jest Snapshot v1, https://goo.gl/fbAQLP

exports[`<WatchlistContainer /> should match snapshot 1`] = `
<WatchlistComponent
  addToWatchlistRequest={[Function]}
  modalParams={
    Object {
      "onConfirm": [Function],
      "params": Object {
        "watchlist": false,
      },
      "title": "Do you want to delete movie from watchlist?",
    }
  }
  page={[Function]}
  store={
    Object {
      "clearActions": [Function],
      "dispatch": [MockFunction] {
        "calls": Array [
          Array [
            Object {
              "payload": Object {
                "page": 1,
              },
              "type": "WATCHLIST_REQUEST",
            },
          ],
          Array [
            Object {
              "payload": Object {
                "page": 1,
              },
              "type": "WATCHLIST_REQUEST",
            },
          ],
          Array [
            Object {
              "payload": Object {
                "page": 10,
              },
              "type": "WATCHLIST_REQUEST",
            },
          ],
        ],
        "results": Array [
          Object {
            "type": "return",
            "value": undefined,
          },
          Object {
            "type": "return",
            "value": undefined,
          },
          Object {
            "type": "return",
            "value": undefined,
          },
        ],
      },
      "getActions": [Function],
      "getState": [Function],
      "replaceReducer": [Function],
      "subscribe": [Function],
    }
  }
  storeSubscription={
    Subscription {
      "listeners": Object {
        "clear": [Function],
        "get": [Function],
        "notify": [Function],
        "subscribe": [Function],
      },
      "onStateChange": [Function],
      "parentSub": undefined,
      "store": Object {
        "clearActions": [Function],
        "dispatch": [MockFunction] {
          "calls": Array [
            Array [
              Object {
                "payload": Object {
                  "page": 1,
                },
                "type": "WATCHLIST_REQUEST",
              },
            ],
            Array [
              Object {
                "payload": Object {
                  "page": 1,
                },
                "type": "WATCHLIST_REQUEST",
              },
            ],
            Array [
              Object {
                "payload": Object {
                  "page": 10,
                },
                "type": "WATCHLIST_REQUEST",
              },
            ],
          ],
          "results": Array [
            Object {
              "type": "return",
              "value": undefined,
            },
            Object {
              "type": "return",
              "value": undefined,
            },
            Object {
              "type": "return",
              "value": undefined,
            },
          ],
        },
        "getActions": [Function],
        "getState": [Function],
        "replaceReducer": [Function],
        "subscribe": [Function],
      },
      "unsubscribe": [Function],
    }
  }
  watchlist={
    Object {
      "page": 1,
      "results": Array [],
      "totalPages": 10,
      "totalResults": 100,
    }
  }
  watchlistRequest={[Function]}
/>
`;
