// Jest Snapshot v1, https://goo.gl/fbAQLP

exports[`<DashboardComponent /> container render property - with search query 1`] = `
<Fragment>
  <SearchComponent />
  <MovieListComponent />
  <PaginationComponent />
</Fragment>
`;

exports[`<DashboardComponent /> container render property - without search query 1`] = `
<Fragment>
  <SearchComponent />
  <MovieListComponent />
  <PaginationComponent />
</Fragment>
`;
