// Jest Snapshot v1, https://goo.gl/fbAQLP

exports[`<AppComponent /> component render property - isLogged: false 1`] = `
<BrowserRouter>
  <Adapter
    className="page"
  >
    <Switch>
      <Route
        component={[Function]}
        exact={true}
        path="/"
      />
      <PrivateRouteComponent
        component={[Function]}
        exact={true}
        path="/mylists"
      />
      <PrivateRouteComponent
        component={[Function]}
        exact={true}
        path="/watchlist"
      />
      <PrivateRouteComponent
        component={[Function]}
        exact={true}
        path="/favorites"
      />
      <PrivateRouteComponent
        component={[Function]}
        exact={true}
        path="/movie/:id"
      />
      <PrivateRouteComponent
        component={[Function]}
      />
    </Switch>
  </Adapter>
</BrowserRouter>
`;

exports[`<AppComponent /> component render property - isLogged: true 1`] = `
<BrowserRouter>
  <Adapter
    className="page"
  >
    <Switch>
      <Route
        component={[Function]}
        exact={true}
        path="/"
      />
      <PrivateRouteComponent
        component={[Function]}
        exact={true}
        path="/mylists"
      />
      <PrivateRouteComponent
        component={[Function]}
        exact={true}
        path="/watchlist"
      />
      <PrivateRouteComponent
        component={[Function]}
        exact={true}
        path="/favorites"
      />
      <PrivateRouteComponent
        component={[Function]}
        exact={true}
        path="/movie/:id"
      />
      <PrivateRouteComponent
        component={[Function]}
      />
    </Switch>
  </Adapter>
</BrowserRouter>
`;
