// Jest Snapshot v1, https://goo.gl/fbAQLP

exports[`<CreateListModalContainer /> should match snapshot 1`] = `
<CreateListModalComponent
  createListRequest={[Function]}
  hideModal={[Function]}
  icon=""
  modalVisible={false}
  onSubmit={[Function]}
  showModal={[Function]}
  store={
    Object {
      "clearActions": [Function],
      "dispatch": [MockFunction] {
        "calls": Array [
          Array [
            Object {
              "payload": Object {
                "actions": Object {
                  "setSubmitting": [MockFunction] {
                    "calls": Array [
                      Array [
                        true,
                      ],
                    ],
                    "results": Array [
                      Object {
                        "type": "return",
                        "value": undefined,
                      },
                    ],
                  },
                },
                "hideModal": [Function],
                "values": Object {
                  "description": "description",
                  "name": "listname",
                },
              },
              "type": "CREATE_LIST_REQUEST",
            },
          ],
        ],
        "results": Array [
          Object {
            "type": "return",
            "value": undefined,
          },
        ],
      },
      "getActions": [Function],
      "getState": [Function],
      "replaceReducer": [Function],
      "subscribe": [Function],
    }
  }
  text=""
/>
`;
