// Jest Snapshot v1, https://goo.gl/fbAQLP

exports[`<CreateListModalContainer /> Render snapshot - CreateListModalContainer 1`] = `
<CreateListModalContainer
  createListRequest={[Function]}
  store={
    Object {
      "clearActions": [Function],
      "dispatch": [Function],
      "getActions": [Function],
      "getState": [Function],
      "replaceReducer": [Function],
      "subscribe": [Function],
    }
  }
/>
`;
